{"synthetic": false,
 "schemaVersion": "2025-09-10",
 "outputs":
 {"o": ["fe8f4250873c65ef.olean"],
  "m": false,
  "i": "3ed626c6a8dc5a55.ilean",
  "c": "05e4a384be4d77bb.c"},
 "log":
 [{"message":
   ".> LEAN_PATH=/Users/hollow/Documents/git/whichroot/mobius/lean/.lake/packages/Cli/.lake/build/lib/lean:/Users/hollow/Documents/git/whichroot/mobius/lean/.lake/packages/batteries/.lake/build/lib/lean:/Users/hollow/Documents/git/whichroot/mobius/lean/.lake/packages/Qq/.lake/build/lib/lean:/Users/hollow/Documents/git/whichroot/mobius/lean/.lake/packages/aesop/.lake/build/lib/lean:/Users/hollow/Documents/git/whichroot/mobius/lean/.lake/packages/proofwidgets/.lake/build/lib/lean:/Users/hollow/Documents/git/whichroot/mobius/lean/.lake/packages/importGraph/.lake/build/lib/lean:/Users/hollow/Documents/git/whichroot/mobius/lean/.lake/packages/LeanSearchClient/.lake/build/lib/lean:/Users/hollow/Documents/git/whichroot/mobius/lean/.lake/packages/plausible/.lake/build/lib/lean:/Users/hollow/Documents/git/whichroot/mobius/lean/.lake/packages/mathlib/.lake/build/lib/lean:/Users/hollow/Documents/git/whichroot/mobius/lean/.lake/build/lib/lean /Users/hollow/.elan/toolchains/leanprover--lean4---v4.31.0/bin/lean /Users/hollow/Documents/git/whichroot/mobius/lean/Mobius/Spectral/Basic.lean -o /Users/hollow/Documents/git/whichroot/mobius/lean/.lake/build/lib/lean/Mobius/Spectral/Basic.olean -i /Users/hollow/Documents/git/whichroot/mobius/lean/.lake/build/lib/lean/Mobius/Spectral/Basic.ilean -c /Users/hollow/Documents/git/whichroot/mobius/lean/.lake/build/ir/Mobius/Spectral/Basic.c --setup /Users/hollow/Documents/git/whichroot/mobius/lean/.lake/build/ir/Mobius/Spectral/Basic.setup.json --json",
   "level": "trace"}],
 "inputs":
 [["Mobius.Spectral.Basic:deps",
   [["deps",
     [["Mobius/Mobius:extraDep", [["@Mobius:extraDep", "00000000000006bb"]]],
      ["imports",
       [["Mathlib.LinearAlgebra.Eigenspace.Basic transitive imports (legacy)",
         "6d56b61f645d4b1c"],
        ["Mathlib.LinearAlgebra.Eigenspace.Basic:importAllArts",
         "d2e3125e56895772"],
        ["Mathlib.Algebra.CharP.Lemmas transitive imports (legacy)",
         "106c951f06be8cb3"],
        ["Mathlib.Algebra.CharP.Lemmas:importAllArts", "17bd19140a7156c2"],
        ["Mathlib.Algebra.Polynomial.AlgebraMap transitive imports (legacy)",
         "f9ccb37272f1fe37"],
        ["Mathlib.Algebra.Polynomial.AlgebraMap:importAllArts",
         "e81d14715fd7074e"],
        ["Mathlib.Algebra.Module.Torsion.Field transitive imports (legacy)",
         "d057cbe7559771ba"],
        ["Mathlib.Algebra.Module.Torsion.Field:importAllArts",
         "7ae41980b0a3aa1c"]]]]],
    ["libs",
     [["import dynlibs", "00000000000006bb"],
      ["package external libraries", "00000000000006bb"],
      ["module dynlibs", "00000000000006bb"],
      ["module plugins", "00000000000006bb"]]]]],
  ["Lean 4.31.0, commit 68218e876d2a38b1985b8590fff244a83c321783",
   "fc45ac412f28501c"],
  ["/Users/hollow/Documents/git/whichroot/mobius/lean/Mobius/Spectral/Basic.lean",
   "013a86599c1a9224"],
  ["options", "00000000000006bb"],
  ["isModule: false", "feefd2a0d3a1847e"],
  ["Module.name: Mobius.Spectral.Basic", "e504fc04562c11d5"],
  ["Package.id?: (some Mobius)", "e99ffa8924568bf4"],
  ["Module.leanArgs: #[]", "00000000000006bb"]],
 "depHash": "3886fb9cb172edcd"}