{"synthetic": false,
 "schemaVersion": "2025-09-10",
 "outputs":
 {"o": ["92bd7a3e9698795a.olean"],
  "m": false,
  "i": "1953a1a30a3c6a14.ilean",
  "c": "17e3673eb8af04eb.c"},
 "log":
 [{"message":
   ".> LEAN_PATH=/Users/hollow/Documents/git/whichroot/mobius/lean/.lake/packages/Cli/.lake/build/lib/lean:/Users/hollow/Documents/git/whichroot/mobius/lean/.lake/packages/batteries/.lake/build/lib/lean:/Users/hollow/Documents/git/whichroot/mobius/lean/.lake/packages/Qq/.lake/build/lib/lean:/Users/hollow/Documents/git/whichroot/mobius/lean/.lake/packages/aesop/.lake/build/lib/lean:/Users/hollow/Documents/git/whichroot/mobius/lean/.lake/packages/proofwidgets/.lake/build/lib/lean:/Users/hollow/Documents/git/whichroot/mobius/lean/.lake/packages/importGraph/.lake/build/lib/lean:/Users/hollow/Documents/git/whichroot/mobius/lean/.lake/packages/LeanSearchClient/.lake/build/lib/lean:/Users/hollow/Documents/git/whichroot/mobius/lean/.lake/packages/plausible/.lake/build/lib/lean:/Users/hollow/Documents/git/whichroot/mobius/lean/.lake/packages/mathlib/.lake/build/lib/lean:/Users/hollow/Documents/git/whichroot/mobius/lean/.lake/build/lib/lean /Users/hollow/.elan/toolchains/leanprover--lean4---v4.31.0/bin/lean /Users/hollow/Documents/git/whichroot/mobius/lean/Mobius/Spectral/Structure.lean -o /Users/hollow/Documents/git/whichroot/mobius/lean/.lake/build/lib/lean/Mobius/Spectral/Structure.olean -i /Users/hollow/Documents/git/whichroot/mobius/lean/.lake/build/lib/lean/Mobius/Spectral/Structure.ilean -c /Users/hollow/Documents/git/whichroot/mobius/lean/.lake/build/ir/Mobius/Spectral/Structure.c --setup /Users/hollow/Documents/git/whichroot/mobius/lean/.lake/build/ir/Mobius/Spectral/Structure.setup.json --json",
   "level": "trace"}],
 "inputs":
 [["Mobius.Spectral.Structure:deps",
   [["deps",
     [["Mobius/Mobius:extraDep", [["@Mobius:extraDep", "00000000000006bb"]]],
      ["imports",
       [["Mobius.Spectral.Basic transitive imports (legacy)",
         "6363f2d530f5bd05"],
        ["Mobius.Spectral.Basic:importAllArts", "02ad30be8fa01837"],
        ["Mathlib.Algebra.Ring.GeomSum transitive imports (legacy)",
         "12b11c447e179a05"],
        ["Mathlib.Algebra.Ring.GeomSum:importAllArts", "a9728345c02b7e14"],
        ["Mathlib.Data.Int.GCD transitive imports (legacy)",
         "cae760b6bdedb576"],
        ["Mathlib.Data.Int.GCD:importAllArts", "d173a76aa80b758c"],
        ["Mathlib.Tactic.LinearCombination transitive imports (legacy)",
         "23f0b9105a26ff35"],
        ["Mathlib.Tactic.LinearCombination:importAllArts", "51320245c8287f7d"],
        ["Mathlib.Tactic.GCongr transitive imports (legacy)",
         "69eeb514ead26c9e"],
        ["Mathlib.Tactic.GCongr:importAllArts", "31f6e933e443d604"]]]]],
    ["libs",
     [["import dynlibs", "00000000000006bb"],
      ["package external libraries", "00000000000006bb"],
      ["module dynlibs", "00000000000006bb"],
      ["module plugins", "00000000000006bb"]]]]],
  ["Lean 4.31.0, commit 68218e876d2a38b1985b8590fff244a83c321783",
   "fc45ac412f28501c"],
  ["/Users/hollow/Documents/git/whichroot/mobius/lean/Mobius/Spectral/Structure.lean",
   "26bdc935a867f6e3"],
  ["options", "00000000000006bb"],
  ["isModule: false", "feefd2a0d3a1847e"],
  ["Module.name: Mobius.Spectral.Structure", "002ec27b650e1dac"],
  ["Package.id?: (some Mobius)", "e99ffa8924568bf4"],
  ["Module.leanArgs: #[]", "00000000000006bb"]],
 "depHash": "982652cf0358adf4"}