{"synthetic": false,
 "schemaVersion": "2025-09-10",
 "outputs":
 {"o": ["f8e782204e923994.olean"],
  "m": false,
  "i": "5c723fbf8087a8b5.ilean",
  "c": "602822b73baff69f.c"},
 "log":
 [{"message":
   ".> LEAN_PATH=/Users/hollow/Documents/git/whichroot/mobius/lean/.lake/packages/Cli/.lake/build/lib/lean:/Users/hollow/Documents/git/whichroot/mobius/lean/.lake/packages/batteries/.lake/build/lib/lean:/Users/hollow/Documents/git/whichroot/mobius/lean/.lake/packages/Qq/.lake/build/lib/lean:/Users/hollow/Documents/git/whichroot/mobius/lean/.lake/packages/aesop/.lake/build/lib/lean:/Users/hollow/Documents/git/whichroot/mobius/lean/.lake/packages/proofwidgets/.lake/build/lib/lean:/Users/hollow/Documents/git/whichroot/mobius/lean/.lake/packages/importGraph/.lake/build/lib/lean:/Users/hollow/Documents/git/whichroot/mobius/lean/.lake/packages/LeanSearchClient/.lake/build/lib/lean:/Users/hollow/Documents/git/whichroot/mobius/lean/.lake/packages/plausible/.lake/build/lib/lean:/Users/hollow/Documents/git/whichroot/mobius/lean/.lake/packages/mathlib/.lake/build/lib/lean:/Users/hollow/Documents/git/whichroot/mobius/lean/.lake/build/lib/lean /Users/hollow/.elan/toolchains/leanprover--lean4---v4.31.0/bin/lean /Users/hollow/Documents/git/whichroot/mobius/lean/Mobius/TheoremA/Entropy.lean -o /Users/hollow/Documents/git/whichroot/mobius/lean/.lake/build/lib/lean/Mobius/TheoremA/Entropy.olean -i /Users/hollow/Documents/git/whichroot/mobius/lean/.lake/build/lib/lean/Mobius/TheoremA/Entropy.ilean -c /Users/hollow/Documents/git/whichroot/mobius/lean/.lake/build/ir/Mobius/TheoremA/Entropy.c --setup /Users/hollow/Documents/git/whichroot/mobius/lean/.lake/build/ir/Mobius/TheoremA/Entropy.setup.json --json",
   "level": "trace"},
  {"message":
   "Mobius/TheoremA/Entropy.lean:98:0: 'Mobius.entropy_bound' depends on axioms: [propext, Classical.choice, Quot.sound]",
   "level": "info"}],
 "inputs":
 [["Mobius.TheoremA.Entropy:deps",
   [["deps",
     [["Mobius/Mobius:extraDep", [["@Mobius:extraDep", "00000000000006bb"]]],
      ["imports",
       [["Mobius.Partner transitive imports (legacy)", "5b3346d9243790a9"],
        ["Mobius.Partner:importAllArts", "c0dc812fb18fe54d"],
        ["Mobius.TheoremA.Induction transitive imports (legacy)",
         "3ac605c8dd2790a9"],
        ["Mobius.TheoremA.Induction:importAllArts", "071b6a31748464ea"]]]]],
    ["libs",
     [["import dynlibs", "00000000000006bb"],
      ["package external libraries", "00000000000006bb"],
      ["module dynlibs", "00000000000006bb"],
      ["module plugins", "00000000000006bb"]]]]],
  ["Lean 4.31.0, commit 68218e876d2a38b1985b8590fff244a83c321783",
   "fc45ac412f28501c"],
  ["/Users/hollow/Documents/git/whichroot/mobius/lean/Mobius/TheoremA/Entropy.lean",
   "ba6c08d4a268bb74"],
  ["options", "00000000000006bb"],
  ["isModule: false", "feefd2a0d3a1847e"],
  ["Module.name: Mobius.TheoremA.Entropy", "f2686c6479d0bb1c"],
  ["Package.id?: (some Mobius)", "e99ffa8924568bf4"],
  ["Module.leanArgs: #[]", "00000000000006bb"]],
 "depHash": "7a3d23b636a1e30d"}