{"synthetic": false,
 "schemaVersion": "2025-09-10",
 "outputs":
 {"o": ["4197b6efcda9f518.olean"],
  "m": false,
  "i": "cfc5694eb63620b2.ilean",
  "c": "0f49b301bae1356c.c"},
 "log":
 [{"message":
   ".> LEAN_PATH=/Users/hollow/Documents/git/whichroot/mobius/lean/.lake/packages/Cli/.lake/build/lib/lean:/Users/hollow/Documents/git/whichroot/mobius/lean/.lake/packages/batteries/.lake/build/lib/lean:/Users/hollow/Documents/git/whichroot/mobius/lean/.lake/packages/Qq/.lake/build/lib/lean:/Users/hollow/Documents/git/whichroot/mobius/lean/.lake/packages/aesop/.lake/build/lib/lean:/Users/hollow/Documents/git/whichroot/mobius/lean/.lake/packages/proofwidgets/.lake/build/lib/lean:/Users/hollow/Documents/git/whichroot/mobius/lean/.lake/packages/importGraph/.lake/build/lib/lean:/Users/hollow/Documents/git/whichroot/mobius/lean/.lake/packages/LeanSearchClient/.lake/build/lib/lean:/Users/hollow/Documents/git/whichroot/mobius/lean/.lake/packages/plausible/.lake/build/lib/lean:/Users/hollow/Documents/git/whichroot/mobius/lean/.lake/packages/mathlib/.lake/build/lib/lean:/Users/hollow/Documents/git/whichroot/mobius/lean/.lake/build/lib/lean /Users/hollow/.elan/toolchains/leanprover--lean4---v4.31.0/bin/lean /Users/hollow/Documents/git/whichroot/mobius/lean/Mobius/TheoremA/Induction.lean -o /Users/hollow/Documents/git/whichroot/mobius/lean/.lake/build/lib/lean/Mobius/TheoremA/Induction.olean -i /Users/hollow/Documents/git/whichroot/mobius/lean/.lake/build/lib/lean/Mobius/TheoremA/Induction.ilean -c /Users/hollow/Documents/git/whichroot/mobius/lean/.lake/build/ir/Mobius/TheoremA/Induction.c --setup /Users/hollow/Documents/git/whichroot/mobius/lean/.lake/build/ir/Mobius/TheoremA/Induction.setup.json --json",
   "level": "trace"},
  {"message":
   "Mobius/TheoremA/Induction.lean:133:0: 'Mobius.product_space_induction' depends on axioms: [propext, Classical.choice, Quot.sound]",
   "level": "info"}],
 "inputs":
 [["Mobius.TheoremA.Induction:deps",
   [["deps",
     [["Mobius/Mobius:extraDep", [["@Mobius:extraDep", "00000000000006bb"]]],
      ["imports",
       [["Mathlib.GroupTheory.Torsion transitive imports (legacy)",
         "a545e97eb2d6a99e"],
        ["Mathlib.GroupTheory.Torsion:importAllArts", "065e53aeac4bfa0a"],
        ["Mathlib.GroupTheory.QuotientGroup.Basic transitive imports (legacy)",
         "ea0c0f655319c366"],
        ["Mathlib.GroupTheory.QuotientGroup.Basic:importAllArts",
         "7a6e4f9027e7a641"],
        ["Mathlib.Algebra.BigOperators.Group.Finset.Basic transitive imports (legacy)",
         "1bcc181631a97a56"],
        ["Mathlib.Algebra.BigOperators.Group.Finset.Basic:importAllArts",
         "f16ab56cda9df813"]]]]],
    ["libs",
     [["import dynlibs", "00000000000006bb"],
      ["package external libraries", "00000000000006bb"],
      ["module dynlibs", "00000000000006bb"],
      ["module plugins", "00000000000006bb"]]]]],
  ["Lean 4.31.0, commit 68218e876d2a38b1985b8590fff244a83c321783",
   "fc45ac412f28501c"],
  ["/Users/hollow/Documents/git/whichroot/mobius/lean/Mobius/TheoremA/Induction.lean",
   "6ecb489c76f52779"],
  ["options", "00000000000006bb"],
  ["isModule: false", "feefd2a0d3a1847e"],
  ["Module.name: Mobius.TheoremA.Induction", "b9795b8a3755900e"],
  ["Package.id?: (some Mobius)", "e99ffa8924568bf4"],
  ["Module.leanArgs: #[]", "00000000000006bb"]],
 "depHash": "b07c715aa7f86e6b"}