{"synthetic": false,
 "schemaVersion": "2025-09-10",
 "outputs":
 {"o": ["4eeaffbb56e18e2a.olean"],
  "m": false,
  "i": "62c9ce0b34e5dead.ilean",
  "c": "79bba3edafb830e3.c"},
 "log":
 [{"message":
   ".> LEAN_PATH=/Users/hollow/Documents/git/whichroot/mobius/lean/.lake/packages/Cli/.lake/build/lib/lean:/Users/hollow/Documents/git/whichroot/mobius/lean/.lake/packages/batteries/.lake/build/lib/lean:/Users/hollow/Documents/git/whichroot/mobius/lean/.lake/packages/Qq/.lake/build/lib/lean:/Users/hollow/Documents/git/whichroot/mobius/lean/.lake/packages/aesop/.lake/build/lib/lean:/Users/hollow/Documents/git/whichroot/mobius/lean/.lake/packages/proofwidgets/.lake/build/lib/lean:/Users/hollow/Documents/git/whichroot/mobius/lean/.lake/packages/importGraph/.lake/build/lib/lean:/Users/hollow/Documents/git/whichroot/mobius/lean/.lake/packages/LeanSearchClient/.lake/build/lib/lean:/Users/hollow/Documents/git/whichroot/mobius/lean/.lake/packages/plausible/.lake/build/lib/lean:/Users/hollow/Documents/git/whichroot/mobius/lean/.lake/packages/mathlib/.lake/build/lib/lean:/Users/hollow/Documents/git/whichroot/mobius/lean/.lake/build/lib/lean /Users/hollow/.elan/toolchains/leanprover--lean4---v4.31.0/bin/lean /Users/hollow/Documents/git/whichroot/mobius/lean/Mobius.lean -o /Users/hollow/Documents/git/whichroot/mobius/lean/.lake/build/lib/lean/Mobius.olean -i /Users/hollow/Documents/git/whichroot/mobius/lean/.lake/build/lib/lean/Mobius.ilean -c /Users/hollow/Documents/git/whichroot/mobius/lean/.lake/build/ir/Mobius.c --setup /Users/hollow/Documents/git/whichroot/mobius/lean/.lake/build/ir/Mobius.setup.json --json",
   "level": "trace"}],
 "inputs":
 [["Mobius:deps",
   [["deps",
     [["Mobius/Mobius:extraDep", [["@Mobius:extraDep", "00000000000006bb"]]],
      ["imports",
       [["Mobius.Spectral.Basic transitive imports (legacy)",
         "6363f2d530f5bd05"],
        ["Mobius.Spectral.Basic:importAllArts", "02ad30be8fa01837"],
        ["Mobius.Spectral.Structure transitive imports (legacy)",
         "6732a3bb72921b77"],
        ["Mobius.Spectral.Structure:importAllArts", "adae6af7885cc6f7"],
        ["Mobius.Spectral.Modulation transitive imports (legacy)",
         "21e05200a69c3932"],
        ["Mobius.Spectral.Modulation:importAllArts", "f570ff32561cc895"],
        ["Mobius.Partner transitive imports (legacy)", "5b3346d9243790a9"],
        ["Mobius.Partner:importAllArts", "c0dc812fb18fe54d"],
        ["Mobius.TheoremA.Induction transitive imports (legacy)",
         "3ac605c8dd2790a9"],
        ["Mobius.TheoremA.Induction:importAllArts", "071b6a31748464ea"],
        ["Mobius.TheoremA.Entropy transitive imports (legacy)",
         "a0bedeacefab481b"],
        ["Mobius.TheoremA.Entropy:importAllArts", "3db7801fa27d69db"],
        ["Mobius.TheoremB.Coset transitive imports (legacy)",
         "4ebdc9846739e0fe"],
        ["Mobius.TheoremB.Coset:importAllArts", "189a6e3ead93f577"]]]]],
    ["libs",
     [["import dynlibs", "00000000000006bb"],
      ["package external libraries", "00000000000006bb"],
      ["module dynlibs", "00000000000006bb"],
      ["module plugins", "00000000000006bb"]]]]],
  ["Lean 4.31.0, commit 68218e876d2a38b1985b8590fff244a83c321783",
   "fc45ac412f28501c"],
  ["/Users/hollow/Documents/git/whichroot/mobius/lean/Mobius.lean",
   "7b5b973130417d22"],
  ["options", "00000000000006bb"],
  ["isModule: false", "feefd2a0d3a1847e"],
  ["Module.name: Mobius", "d5bd27dc4d82a2f4"],
  ["Package.id?: (some Mobius)", "e99ffa8924568bf4"],
  ["Module.leanArgs: #[]", "00000000000006bb"]],
 "depHash": "1e4e0719682a05f3"}